gthr-default.h:229:1:int __gthread_key_delete(__gthread_key_t)	16	static
uart_packet.cpp:11:1:UartPacket::UartPacket()	24	static
uart_packet.cpp:16:1:UartPacket::UartPacket(const uint8_t*)	16	static
uart_packet.cpp:21:1:UartPacket::operator uint8_t*()	16	static
uart_packet.cpp:26:6:void UartPacket::SetSource(Source)	16	static
uart_packet.cpp:34:6:void UartPacket::SetModule(ModuleID)	16	static
uart_packet.cpp:50:6:void UartPacket::SetModule(int)	16	static
uart_packet.cpp:55:6:void UartPacket::SetFunction(Function)	16	static
uart_packet.cpp:95:6:void UartPacket::SetParameter(Parameter)	16	static
uart_packet.cpp:159:6:void UartPacket::SetParameter(uint8_t)	16	static
uart_packet.cpp:164:6:void UartPacket::SetSign(Sign)	16	static
uart_packet.cpp:176:6:void UartPacket::SetLength(Length)	16	static
uart_packet.cpp:184:6:void UartPacket::SetLength(int)	16	static
uart_packet.cpp:189:6:void UartPacket::SetPayload(uint8_t*)	16	static
uart_packet.cpp:194:8:Source UartPacket::GetSource() const	16	static
uart_packet.cpp:206:10:ModuleID UartPacket::GetModule() const	16	static
uart_packet.cpp:226:10:Function UartPacket::GetFunction() const	16	static
uart_packet.cpp:270:11:Parameter UartPacket::GetParameter() const	16	static
uart_packet.cpp:338:6:Sign UartPacket::GetSign() const	16	static
uart_packet.cpp:354:9:uint8_t UartPacket::GetLength() const	16	static
uart_packet.cpp:359:6:void UartPacket::SetWrongCrc()	16	static
uart_packet.cpp:367:6:void UartPacket::AppendCrcToPacket()	40	static
uart_packet.cpp:383:6:bool UartPacket::CheckCrc32() const	32	static
uart_packet.cpp:398:6:void UartPacket::PrintPacket(bool) const	88	static
array:185:7:std::array<_Tp, _Nm>::value_type& std::array<_Tp, _Nm>::operator[](std::array<_Tp, _Nm>::size_type) [with _Tp = unsigned char; unsigned int _Nm = 20]	16	static
array:175:7:constexpr std::array<_Tp, _Nm>::size_type std::array<_Tp, _Nm>::size() const [with _Tp = unsigned char; unsigned int _Nm = 20]	16	static
array:116:7:void std::array<_Tp, _Nm>::fill(const value_type&) [with _Tp = unsigned char; unsigned int _Nm = 20]	24	static
array:234:7:std::array<_Tp, _Nm>::value_type* std::array<_Tp, _Nm>::data() [with _Tp = unsigned char; unsigned int _Nm = 20]	16	static
array:238:7:const value_type* std::array<_Tp, _Nm>::data() const [with _Tp = unsigned char; unsigned int _Nm = 20]	16	static
array:189:7:constexpr const value_type& std::array<_Tp, _Nm>::operator[](std::array<_Tp, _Nm>::size_type) const [with _Tp = unsigned char; unsigned int _Nm = 20]	16	static
array:55:7:static constexpr _Tp& std::__array_traits<_Tp, _Nm>::_S_ref(const _Tp (&)[_Nm], std::size_t) [with _Tp = unsigned char; unsigned int _Nm = 20]	16	static
array:126:7:std::array<_Tp, _Nm>::value_type* std::array<_Tp, _Nm>::begin() [with _Tp = unsigned char; unsigned int _Nm = 20]	16	static
stl_algobase.h:784:5:_OI std::fill_n(_OI, _Size, const _Tp&) [with _OI = unsigned char*; _Size = unsigned int; _Tp = unsigned char]	24	static
array:59:7:static constexpr _Tp* std::__array_traits<_Tp, _Nm>::_S_ptr(const _Tp (&)[_Nm]) [with _Tp = unsigned char; unsigned int _Nm = 20]	16	static
stl_algobase.h:277:5:_Iterator std::__niter_base(_Iterator) [with _Iterator = unsigned char*]	16	static
stl_algobase.h:761:5:typename __gnu_cxx::__enable_if<std::__is_byte<_Tp>::__value, _Tp*>::__type std::__fill_n_a(_Tp*, _Size, const _Tp&) [with _Size = unsigned int; _Tp = unsigned char]	24	static
stl_algobase.h:703:5:typename __gnu_cxx::__enable_if<std::__is_byte<_Tp>::__value, void>::__type std::__fill_a(_Tp*, _Tp*, const _Tp&) [with _Tp = unsigned char]	32	static
